Microsoft (R) Visual C# Interactive Compiler version 4.2.0-4.22252.24 ()
Loading context from 'CSharpInteractive.rsp'.
Type "#help" for more information.
> int i = 10;
> i
10
> i.ToString()
"10"
> string str = i.ToString();
> str
"10"
> int.Parse(str)
10
> str = "10.02";
> int.Parse(str)
System.FormatException: Input string was not in a correct format.
  + System.Number.StringToNumber(string, System.Globalization.NumberStyles, ref System.Number.NumberBuffer, System.Globalization.NumberFormatInfo, bool)
  + System.Number.ParseInt32(string, System.Globalization.NumberStyles, System.Globalization.NumberFormatInfo)
> float.Parse(str)
10.02
> double.Parse(str)
10.02
> str
"10.02"
> Convert.ToInt32(str)
System.FormatException: Input string was not in a correct format.
  + System.Number.StringToNumber(string, System.Globalization.NumberStyles, ref System.Number.NumberBuffer, System.Globalization.NumberFormatInfo, bool)
  + System.Number.ParseInt32(string, System.Globalization.NumberStyles, System.Globalization.NumberFormatInfo)
  + System.Convert.ToInt32(string)
> Convert.ToInt32(true)
1
> str = "true";
> int.Parse(str)
System.FormatException: Input string was not in a correct format.
  + System.Number.StringToNumber(string, System.Globalization.NumberStyles, ref System.Number.NumberBuffer, System.Globalization.NumberFormatInfo, bool)
  + System.Number.ParseInt32(string, System.Globalization.NumberStyles, System.Globalization.NumberFormatInfo)
> decimal f = 10m;
> f
10
> f.ToString()
"10"
> Convert.ToString(f)
"10"
> f.ToString()
"10"
> int.Parse(f.ToString())
10
> f = 10.12m;
> f.ToString()
"10.12"
> int.Parse(f.ToString())
System.FormatException: Input string was not in a correct format.
  + System.Number.StringToNumber(string, System.Globalization.NumberStyles, ref System.Number.NumberBuffer, System.Globalization.NumberFormatInfo, bool)
  + System.Number.ParseInt32(string, System.Globalization.NumberStyles, System.Globalization.NumberFormatInfo)
> (int)f
10
> str = "abc";
> 
> 
> 
> object o = "abc";
> object o1 = 1;
> 
> var a1 = "abc";
> var a2 = 1;
> 
> o = 10f;
> a1 = 2;
(1,6): error CS0029: Cannot implicitly convert type 'int' to 'string'
> 